// Bun Snapshot v1, https://bun.sh/docs/test/snapshots

exports[`generateModelConfig no providers available returns ULTIMATE_FALLBACK for all agents and categories when no providers 1`] = `
{
  "$schema": "https://raw.githubusercontent.com/code-yeongyu/oh-my-openagent/dev/assets/oh-my-opencode.schema.json",
  "agents": {
    "atlas": {
      "model": "opencode/gpt-5-nano",
    },
    "explore": {
      "model": "opencode/gpt-5-nano",
    },
    "hephaestus": {
      "model": "opencode/gpt-5-nano",
    },
    "metis": {
      "model": "opencode/gpt-5-nano",
    },
    "momus": {
      "model": "opencode/gpt-5-nano",
    },
    "multimodal-looker": {
      "model": "opencode/gpt-5-nano",
    },
    "oracle": {
      "model": "opencode/gpt-5-nano",
    },
    "prometheus": {
      "model": "opencode/gpt-5-nano",
    },
    "sisyphus-junior": {
      "model": "opencode/gpt-5-nano",
    },
  },
  "categories": {
    "artistry": {
      "model": "opencode/gpt-5-nano",
    },
    "deep": {
      "model": "opencode/gpt-5-nano",
    },
    "quick": {
      "model": "opencode/gpt-5-nano",
    },
    "ultrabrain": {
      "model": "opencode/gpt-5-nano",
    },
    "unspecified-high": {
      "model": "opencode/gpt-5-nano",
    },
    "unspecified-low": {
      "model": "opencode/gpt-5-nano",
    },
    "visual-engineering": {
      "model": "opencode/gpt-5-nano",
    },
    "writing": {
      "model": "opencode/gpt-5-nano",
    },
  },
}
`;

exports[`generateModelConfig single native provider uses Claude models when only Claude is available 1`] = `
{
  "$schema": "https://raw.githubusercontent.com/code-yeongyu/oh-my-openagent/dev/assets/oh-my-opencode.schema.json",
  "agents": {
    "atlas": {
      "model": "opencode/gpt-5-nano",
    },
    "explore": {
      "model": "opencode/gpt-5-nano",
    },
    "metis": {
      "model": "opencode/gpt-5-nano",
    },
    "momus": {
      "model": "opencode/gpt-5-nano",
    },
    "multimodal-looker": {
      "model": "opencode/gpt-5-nano",
    },
    "oracle": {
      "model": "opencode/gpt-5-nano",
    },
    "prometheus": {
      "model": "opencode/gpt-5-nano",
    },
    "sisyphus-junior": {
      "model": "opencode/gpt-5-nano",
    },
  },
  "categories": {
    "deep": {
      "model": "opencode/gpt-5-nano",
    },
    "quick": {
      "model": "opencode/gpt-5-nano",
    },
    "ultrabrain": {
      "model": "opencode/gpt-5-nano",
    },
    "unspecified-high": {
      "model": "opencode/gpt-5-nano",
    },
    "unspecified-low": {
      "model": "opencode/gpt-5-nano",
    },
    "visual-engineering": {
      "model": "opencode/gpt-5-nano",
    },
    "writing": {
      "model": "opencode/gpt-5-nano",
    },
  },
}
`;

exports[`generateModelConfig single native provider uses Claude models with isMax20 flag 1`] = `
{
  "$schema": "https://raw.githubusercontent.com/code-yeongyu/oh-my-openagent/dev/assets/oh-my-opencode.schema.json",
  "agents": {
    "atlas": {
      "model": "opencode/gpt-5-nano",
    },
    "explore": {
      "model": "opencode/gpt-5-nano",
    },
    "metis": {
      "model": "opencode/gpt-5-nano",
    },
    "momus": {
      "model": "opencode/gpt-5-nano",
    },
    "multimodal-looker": {
      "model": "opencode/gpt-5-nano",
    },
    "oracle": {
      "model": "opencode/gpt-5-nano",
    },
    "prometheus": {
      "model": "opencode/gpt-5-nano",
    },
    "sisyphus-junior": {
      "model": "opencode/gpt-5-nano",
    },
  },
  "categories": {
    "deep": {
      "model": "opencode/gpt-5-nano",
    },
    "quick": {
      "model": "opencode/gpt-5-nano",
    },
    "ultrabrain": {
      "model": "opencode/gpt-5-nano",
    },
    "unspecified-high": {
      "model": "opencode/gpt-5-nano",
    },
    "unspecified-low": {
      "model": "opencode/gpt-5-nano",
    },
    "visual-engineering": {
      "model": "opencode/gpt-5-nano",
    },
    "writing": {
      "model": "opencode/gpt-5-nano",
    },
  },
}
`;

exports[`generateModelConfig single native provider uses OpenAI models when only OpenAI is available 1`] = `
{
  "$schema": "https://raw.githubusercontent.com/code-yeongyu/oh-my-openagent/dev/assets/oh-my-opencode.schema.json",
  "agents": {
    "atlas": {
      "model": "opencode/gpt-5-nano",
    },
    "explore": {
      "model": "opencode/gpt-5-nano",
    },
    "metis": {
      "model": "opencode/gpt-5-nano",
    },
    "momus": {
      "model": "opencode/gpt-5-nano",
    },
    "multimodal-looker": {
      "model": "opencode/gpt-5-nano",
    },
    "oracle": {
      "model": "opencode/gpt-5-nano",
    },
    "prometheus": {
      "model": "opencode/gpt-5-nano",
    },
    "sisyphus-junior": {
      "model": "opencode/gpt-5-nano",
    },
  },
  "categories": {
    "deep": {
      "model": "opencode/gpt-5-nano",
    },
    "quick": {
      "model": "opencode/gpt-5-nano",
    },
    "ultrabrain": {
      "model": "opencode/gpt-5-nano",
    },
    "unspecified-high": {
      "model": "opencode/gpt-5-nano",
    },
    "unspecified-low": {
      "model": "opencode/gpt-5-nano",
    },
    "visual-engineering": {
      "model": "opencode/gpt-5-nano",
    },
    "writing": {
      "model": "opencode/gpt-5-nano",
    },
  },
}
`;

exports[`generateModelConfig single native provider uses OpenAI models with isMax20 flag 1`] = `
{
  "$schema": "https://raw.githubusercontent.com/code-yeongyu/oh-my-openagent/dev/assets/oh-my-opencode.schema.json",
  "agents": {
    "atlas": {
      "model": "opencode/gpt-5-nano",
    },
    "explore": {
      "model": "opencode/gpt-5-nano",
    },
    "metis": {
      "model": "opencode/gpt-5-nano",
    },
    "momus": {
      "model": "opencode/gpt-5-nano",
    },
    "multimodal-looker": {
      "model": "opencode/gpt-5-nano",
    },
    "oracle": {
      "model": "opencode/gpt-5-nano",
    },
    "prometheus": {
      "model": "opencode/gpt-5-nano",
    },
    "sisyphus-junior": {
      "model": "opencode/gpt-5-nano",
    },
  },
  "categories": {
    "deep": {
      "model": "opencode/gpt-5-nano",
    },
    "quick": {
      "model": "opencode/gpt-5-nano",
    },
    "ultrabrain": {
      "model": "opencode/gpt-5-nano",
    },
    "unspecified-high": {
      "model": "opencode/gpt-5-nano",
    },
    "unspecified-low": {
      "model": "opencode/gpt-5-nano",
    },
    "visual-engineering": {
      "model": "opencode/gpt-5-nano",
    },
    "writing": {
      "model": "opencode/gpt-5-nano",
    },
  },
}
`;

exports[`generateModelConfig single native provider uses Gemini models when only Gemini is available 1`] = `
{
  "$schema": "https://raw.githubusercontent.com/code-yeongyu/oh-my-openagent/dev/assets/oh-my-opencode.schema.json",
  "agents": {
    "atlas": {
      "model": "opencode/gpt-5-nano",
    },
    "explore": {
      "model": "opencode/gpt-5-nano",
    },
    "metis": {
      "model": "opencode/gpt-5-nano",
    },
    "momus": {
      "model": "opencode/gpt-5-nano",
    },
    "multimodal-looker": {
      "model": "opencode/gpt-5-nano",
    },
    "oracle": {
      "model": "opencode/gpt-5-nano",
    },
    "prometheus": {
      "model": "opencode/gpt-5-nano",
    },
    "sisyphus-junior": {
      "model": "opencode/gpt-5-nano",
    },
  },
  "categories": {
    "deep": {
      "model": "opencode/gpt-5-nano",
    },
    "quick": {
      "model": "opencode/gpt-5-nano",
    },
    "ultrabrain": {
      "model": "opencode/gpt-5-nano",
    },
    "unspecified-high": {
      "model": "opencode/gpt-5-nano",
    },
    "unspecified-low": {
      "model": "opencode/gpt-5-nano",
    },
    "visual-engineering": {
      "model": "opencode/gpt-5-nano",
    },
    "writing": {
      "model": "opencode/gpt-5-nano",
    },
  },
}
`;

exports[`generateModelConfig single native provider uses Gemini models with isMax20 flag 1`] = `
{
  "$schema": "https://raw.githubusercontent.com/code-yeongyu/oh-my-openagent/dev/assets/oh-my-opencode.schema.json",
  "agents": {
    "atlas": {
      "model": "opencode/gpt-5-nano",
    },
    "explore": {
      "model": "opencode/gpt-5-nano",
    },
    "metis": {
      "model": "opencode/gpt-5-nano",
    },
    "momus": {
      "model": "opencode/gpt-5-nano",
    },
    "multimodal-looker": {
      "model": "opencode/gpt-5-nano",
    },
    "oracle": {
      "model": "opencode/gpt-5-nano",
    },
    "prometheus": {
      "model": "opencode/gpt-5-nano",
    },
    "sisyphus-junior": {
      "model": "opencode/gpt-5-nano",
    },
  },
  "categories": {
    "deep": {
      "model": "opencode/gpt-5-nano",
    },
    "quick": {
      "model": "opencode/gpt-5-nano",
    },
    "ultrabrain": {
      "model": "opencode/gpt-5-nano",
    },
    "unspecified-high": {
      "model": "opencode/gpt-5-nano",
    },
    "unspecified-low": {
      "model": "opencode/gpt-5-nano",
    },
    "visual-engineering": {
      "model": "opencode/gpt-5-nano",
    },
    "writing": {
      "model": "opencode/gpt-5-nano",
    },
  },
}
`;

exports[`generateModelConfig all native providers uses preferred models from fallback chains when all natives available 1`] = `
{
  "$schema": "https://raw.githubusercontent.com/code-yeongyu/oh-my-openagent/dev/assets/oh-my-opencode.schema.json",
  "agents": {
    "atlas": {
      "model": "opencode/gpt-5-nano",
    },
    "explore": {
      "model": "opencode/gpt-5-nano",
    },
    "metis": {
      "model": "opencode/gpt-5-nano",
    },
    "momus": {
      "model": "opencode/gpt-5-nano",
    },
    "multimodal-looker": {
      "model": "opencode/gpt-5-nano",
    },
    "oracle": {
      "model": "opencode/gpt-5-nano",
    },
    "prometheus": {
      "model": "opencode/gpt-5-nano",
    },
    "sisyphus-junior": {
      "model": "opencode/gpt-5-nano",
    },
  },
  "categories": {
    "deep": {
      "model": "opencode/gpt-5-nano",
    },
    "quick": {
      "model": "opencode/gpt-5-nano",
    },
    "ultrabrain": {
      "model": "opencode/gpt-5-nano",
    },
    "unspecified-high": {
      "model": "opencode/gpt-5-nano",
    },
    "unspecified-low": {
      "model": "opencode/gpt-5-nano",
    },
    "visual-engineering": {
      "model": "opencode/gpt-5-nano",
    },
    "writing": {
      "model": "opencode/gpt-5-nano",
    },
  },
}
`;

exports[`generateModelConfig all native providers uses preferred models with isMax20 flag when all natives available 1`] = `
{
  "$schema": "https://raw.githubusercontent.com/code-yeongyu/oh-my-openagent/dev/assets/oh-my-opencode.schema.json",
  "agents": {
    "atlas": {
      "model": "opencode/gpt-5-nano",
    },
    "explore": {
      "model": "opencode/gpt-5-nano",
    },
    "metis": {
      "model": "opencode/gpt-5-nano",
    },
    "momus": {
      "model": "opencode/gpt-5-nano",
    },
    "multimodal-looker": {
      "model": "opencode/gpt-5-nano",
    },
    "oracle": {
      "model": "opencode/gpt-5-nano",
    },
    "prometheus": {
      "model": "opencode/gpt-5-nano",
    },
    "sisyphus-junior": {
      "model": "opencode/gpt-5-nano",
    },
  },
  "categories": {
    "deep": {
      "model": "opencode/gpt-5-nano",
    },
    "quick": {
      "model": "opencode/gpt-5-nano",
    },
    "ultrabrain": {
      "model": "opencode/gpt-5-nano",
    },
    "unspecified-high": {
      "model": "opencode/gpt-5-nano",
    },
    "unspecified-low": {
      "model": "opencode/gpt-5-nano",
    },
    "visual-engineering": {
      "model": "opencode/gpt-5-nano",
    },
    "writing": {
      "model": "opencode/gpt-5-nano",
    },
  },
}
`;

exports[`generateModelConfig fallback providers uses OpenCode Zen models when only OpenCode Zen is available 1`] = `
{
  "$schema": "https://raw.githubusercontent.com/code-yeongyu/oh-my-openagent/dev/assets/oh-my-opencode.schema.json",
  "agents": {
    "atlas": {
      "fallback_models": [
        {
          "model": "opencode/gpt-5.4",
          "variant": "medium",
        },
      ],
      "model": "opencode/claude-sonnet-4-6",
    },
    "explore": {
      "fallback_models": [
        {
          "model": "opencode/minimax-m2.7",
        },
        {
          "model": "opencode/gpt-5-nano",
        },
      ],
      "model": "opencode/claude-haiku-4-5",
    },
    "hephaestus": {
      "model": "opencode/gpt-5.4",
      "variant": "medium",
    },
    "metis": {
      "fallback_models": [
        {
          "model": "opencode/gpt-5.4",
          "variant": "high",
        },
      ],
      "model": "opencode/claude-opus-4-6",
      "variant": "max",
    },
    "momus": {
      "fallback_models": [
        {
          "model": "opencode/claude-opus-4-6",
          "variant": "max",
        },
        {
          "model": "opencode/gemini-3.1-pro",
          "variant": "high",
        },
      ],
      "model": "opencode/gpt-5.4",
      "variant": "xhigh",
    },
    "multimodal-looker": {
      "fallback_models": [
        {
          "model": "opencode/gpt-5-nano",
        },
      ],
      "model": "opencode/gpt-5.4",
      "variant": "medium",
    },
    "oracle": {
      "fallback_models": [
        {
          "model": "opencode/gemini-3.1-pro",
          "variant": "high",
        },
        {
          "model": "opencode/claude-opus-4-6",
          "variant": "max",
        },
      ],
      "model": "opencode/gpt-5.4",
      "variant": "high",
    },
    "prometheus": {
      "fallback_models": [
        {
          "model": "opencode/gpt-5.4",
          "variant": "high",
        },
        {
          "model": "opencode/gemini-3.1-pro",
        },
      ],
      "model": "opencode/claude-opus-4-6",
      "variant": "max",
    },
    "sisyphus-junior": {
      "fallback_models": [
        {
          "model": "opencode/gpt-5.4",
          "variant": "medium",
        },
        {
          "model": "opencode/big-pickle",
        },
      ],
      "model": "opencode/claude-sonnet-4-6",
    },
  },
  "categories": {
    "artistry": {
      "fallback_models": [
        {
          "model": "opencode/claude-opus-4-6",
          "variant": "max",
        },
        {
          "model": "opencode/gpt-5.4",
        },
      ],
      "model": "opencode/gemini-3.1-pro",
      "variant": "high",
    },
    "deep": {
      "fallback_models": [
        {
          "model": "opencode/claude-opus-4-6",
          "variant": "max",
        },
        {
          "model": "opencode/gemini-3.1-pro",
          "variant": "high",
        },
      ],
      "model": "opencode/gpt-5.4",
      "variant": "medium",
    },
    "quick": {
      "fallback_models": [
        {
          "model": "opencode/claude-haiku-4-5",
        },
        {
          "model": "opencode/gemini-3-flash",
        },
        {
          "model": "opencode/gpt-5-nano",
        },
      ],
      "model": "opencode/gpt-5.4-mini",
    },
    "ultrabrain": {
      "fallback_models": [
        {
          "model": "opencode/gemini-3.1-pro",
          "variant": "high",
        },
        {
          "model": "opencode/claude-opus-4-6",
          "variant": "max",
        },
      ],
      "model": "opencode/gpt-5.4",
      "variant": "xhigh",
    },
    "unspecified-high": {
      "fallback_models": [
        {
          "model": "opencode/gpt-5.3-codex",
          "variant": "medium",
        },
        {
          "model": "opencode/gemini-3-flash",
        },
      ],
      "model": "opencode/claude-sonnet-4-6",
    },
    "unspecified-low": {
      "fallback_models": [
        {
          "model": "opencode/gpt-5.3-codex",
          "variant": "medium",
        },
        {
          "model": "opencode/gemini-3-flash",
        },
      ],
      "model": "opencode/claude-sonnet-4-6",
    },
    "visual-engineering": {
      "fallback_models": [
        {
          "model": "opencode/glm-5",
        },
        {
          "model": "opencode/claude-opus-4-6",
          "variant": "max",
        },
      ],
      "model": "opencode/gemini-3.1-pro",
      "variant": "high",
    },
    "writing": {
      "fallback_models": [
        {
          "model": "opencode/claude-sonnet-4-6",
        },
      ],
      "model": "opencode/gemini-3-flash",
    },
  },
}
`;

exports[`generateModelConfig fallback providers uses OpenCode Zen models with isMax20 flag 1`] = `
{
  "$schema": "https://raw.githubusercontent.com/code-yeongyu/oh-my-openagent/dev/assets/oh-my-opencode.schema.json",
  "agents": {
    "atlas": {
      "fallback_models": [
        {
          "model": "opencode/gpt-5.4",
          "variant": "medium",
        },
      ],
      "model": "opencode/claude-sonnet-4-6",
    },
    "explore": {
      "fallback_models": [
        {
          "model": "opencode/minimax-m2.7",
        },
        {
          "model": "opencode/gpt-5-nano",
        },
      ],
      "model": "opencode/claude-haiku-4-5",
    },
    "hephaestus": {
      "model": "opencode/gpt-5.4",
      "variant": "medium",
    },
    "metis": {
      "fallback_models": [
        {
          "model": "opencode/gpt-5.4",
          "variant": "high",
        },
      ],
      "model": "opencode/claude-opus-4-6",
      "variant": "max",
    },
    "momus": {
      "fallback_models": [
        {
          "model": "opencode/claude-opus-4-6",
          "variant": "max",
        },
        {
          "model": "opencode/gemini-3.1-pro",
          "variant": "high",
        },
      ],
      "model": "opencode/gpt-5.4",
      "variant": "xhigh",
    },
    "multimodal-looker": {
      "fallback_models": [
        {
          "model": "opencode/gpt-5-nano",
        },
      ],
      "model": "opencode/gpt-5.4",
      "variant": "medium",
    },
    "oracle": {
      "fallback_models": [
        {
          "model": "opencode/gemini-3.1-pro",
          "variant": "high",
        },
        {
          "model": "opencode/claude-opus-4-6",
          "variant": "max",
        },
      ],
      "model": "opencode/gpt-5.4",
      "variant": "high",
    },
    "prometheus": {
      "fallback_models": [
        {
          "model": "opencode/gpt-5.4",
          "variant": "high",
        },
        {
          "model": "opencode/gemini-3.1-pro",
        },
      ],
      "model": "opencode/claude-opus-4-6",
      "variant": "max",
    },
    "sisyphus-junior": {
      "fallback_models": [
        {
          "model": "opencode/gpt-5.4",
          "variant": "medium",
        },
        {
          "model": "opencode/big-pickle",
        },
      ],
      "model": "opencode/claude-sonnet-4-6",
    },
  },
  "categories": {
    "artistry": {
      "fallback_models": [
        {
          "model": "opencode/claude-opus-4-6",
          "variant": "max",
        },
        {
          "model": "opencode/gpt-5.4",
        },
      ],
      "model": "opencode/gemini-3.1-pro",
      "variant": "high",
    },
    "deep": {
      "fallback_models": [
        {
          "model": "opencode/claude-opus-4-6",
          "variant": "max",
        },
        {
          "model": "opencode/gemini-3.1-pro",
          "variant": "high",
        },
      ],
      "model": "opencode/gpt-5.4",
      "variant": "medium",
    },
    "quick": {
      "fallback_models": [
        {
          "model": "opencode/claude-haiku-4-5",
        },
        {
          "model": "opencode/gemini-3-flash",
        },
        {
          "model": "opencode/gpt-5-nano",
        },
      ],
      "model": "opencode/gpt-5.4-mini",
    },
    "ultrabrain": {
      "fallback_models": [
        {
          "model": "opencode/gemini-3.1-pro",
          "variant": "high",
        },
        {
          "model": "opencode/claude-opus-4-6",
          "variant": "max",
        },
      ],
      "model": "opencode/gpt-5.4",
      "variant": "xhigh",
    },
    "unspecified-high": {
      "fallback_models": [
        {
          "model": "opencode/gpt-5.4",
          "variant": "high",
        },
        {
          "model": "opencode/glm-5",
        },
        {
          "model": "opencode/kimi-k2.5",
        },
      ],
      "model": "opencode/claude-opus-4-6",
      "variant": "max",
    },
    "unspecified-low": {
      "fallback_models": [
        {
          "model": "opencode/gpt-5.3-codex",
          "variant": "medium",
        },
        {
          "model": "opencode/gemini-3-flash",
        },
      ],
      "model": "opencode/claude-sonnet-4-6",
    },
    "visual-engineering": {
      "fallback_models": [
        {
          "model": "opencode/glm-5",
        },
        {
          "model": "opencode/claude-opus-4-6",
          "variant": "max",
        },
      ],
      "model": "opencode/gemini-3.1-pro",
      "variant": "high",
    },
    "writing": {
      "fallback_models": [
        {
          "model": "opencode/claude-sonnet-4-6",
        },
      ],
      "model": "opencode/gemini-3-flash",
    },
  },
}
`;

exports[`generateModelConfig fallback providers uses GitHub Copilot models when only Copilot is available 1`] = `
{
  "$schema": "https://raw.githubusercontent.com/code-yeongyu/oh-my-openagent/dev/assets/oh-my-opencode.schema.json",
  "agents": {
    "atlas": {
      "fallback_models": [
        {
          "model": "github-copilot/gpt-5.4",
          "variant": "medium",
        },
      ],
      "model": "github-copilot/claude-sonnet-4.6",
    },
    "explore": {
      "fallback_models": [
        {
          "model": "github-copilot/grok-code-fast-1",
        },
      ],
      "model": "github-copilot/gpt-5-mini",
    },
    "hephaestus": {
      "model": "github-copilot/gpt-5.4",
      "variant": "medium",
    },
    "metis": {
      "fallback_models": [
        {
          "model": "github-copilot/gpt-5.4",
          "variant": "high",
        },
      ],
      "model": "github-copilot/claude-opus-4.6",
      "variant": "max",
    },
    "momus": {
      "fallback_models": [
        {
          "model": "github-copilot/claude-opus-4.6",
          "variant": "max",
        },
        {
          "model": "github-copilot/gemini-3.1-pro-preview",
          "variant": "high",
        },
      ],
      "model": "github-copilot/gpt-5.4",
      "variant": "xhigh",
    },
    "multimodal-looker": {
      "model": "github-copilot/gpt-5-nano",
    },
    "oracle": {
      "fallback_models": [
        {
          "model": "github-copilot/gemini-3.1-pro-preview",
          "variant": "high",
        },
        {
          "model": "github-copilot/claude-opus-4.6",
          "variant": "max",
        },
      ],
      "model": "github-copilot/gpt-5.4",
      "variant": "high",
    },
    "prometheus": {
      "fallback_models": [
        {
          "model": "github-copilot/gpt-5.4",
          "variant": "high",
        },
        {
          "model": "github-copilot/gemini-3.1-pro-preview",
        },
      ],
      "model": "github-copilot/claude-opus-4.6",
      "variant": "max",
    },
    "sisyphus-junior": {
      "fallback_models": [
        {
          "model": "github-copilot/gpt-5.4",
          "variant": "medium",
        },
      ],
      "model": "github-copilot/claude-sonnet-4.6",
    },
  },
  "categories": {
    "artistry": {
      "fallback_models": [
        {
          "model": "github-copilot/claude-opus-4.6",
          "variant": "max",
        },
        {
          "model": "github-copilot/gpt-5.4",
        },
      ],
      "model": "github-copilot/gemini-3.1-pro-preview",
      "variant": "high",
    },
    "deep": {
      "fallback_models": [
        {
          "model": "github-copilot/claude-opus-4.6",
          "variant": "max",
        },
        {
          "model": "github-copilot/gemini-3.1-pro-preview",
          "variant": "high",
        },
      ],
      "model": "github-copilot/gpt-5.4",
      "variant": "medium",
    },
    "quick": {
      "fallback_models": [
        {
          "model": "github-copilot/claude-haiku-4.5",
        },
        {
          "model": "github-copilot/gemini-3-flash-preview",
        },
      ],
      "model": "github-copilot/gpt-5.4-mini",
    },
    "ultrabrain": {
      "fallback_models": [
        {
          "model": "github-copilot/claude-opus-4.6",
          "variant": "max",
        },
      ],
      "model": "github-copilot/gemini-3.1-pro-preview",
      "variant": "high",
    },
    "unspecified-high": {
      "fallback_models": [
        {
          "model": "github-copilot/gemini-3-flash-preview",
        },
      ],
      "model": "github-copilot/claude-sonnet-4.6",
    },
    "unspecified-low": {
      "fallback_models": [
        {
          "model": "github-copilot/gemini-3-flash-preview",
        },
      ],
      "model": "github-copilot/claude-sonnet-4.6",
    },
    "visual-engineering": {
      "fallback_models": [
        {
          "model": "github-copilot/claude-opus-4.6",
          "variant": "max",
        },
      ],
      "model": "github-copilot/gemini-3.1-pro-preview",
      "variant": "high",
    },
    "writing": {
      "fallback_models": [
        {
          "model": "github-copilot/claude-sonnet-4.6",
        },
      ],
      "model": "github-copilot/gemini-3-flash-preview",
    },
  },
}
`;

exports[`generateModelConfig fallback providers uses GitHub Copilot models with isMax20 flag 1`] = `
{
  "$schema": "https://raw.githubusercontent.com/code-yeongyu/oh-my-openagent/dev/assets/oh-my-opencode.schema.json",
  "agents": {
    "atlas": {
      "fallback_models": [
        {
          "model": "github-copilot/gpt-5.4",
          "variant": "medium",
        },
      ],
      "model": "github-copilot/claude-sonnet-4.6",
    },
    "explore": {
      "fallback_models": [
        {
          "model": "github-copilot/grok-code-fast-1",
        },
      ],
      "model": "github-copilot/gpt-5-mini",
    },
    "hephaestus": {
      "model": "github-copilot/gpt-5.4",
      "variant": "medium",
    },
    "metis": {
      "fallback_models": [
        {
          "model": "github-copilot/gpt-5.4",
          "variant": "high",
        },
      ],
      "model": "github-copilot/claude-opus-4.6",
      "variant": "max",
    },
    "momus": {
      "fallback_models": [
        {
          "model": "github-copilot/claude-opus-4.6",
          "variant": "max",
        },
        {
          "model": "github-copilot/gemini-3.1-pro-preview",
          "variant": "high",
        },
      ],
      "model": "github-copilot/gpt-5.4",
      "variant": "xhigh",
    },
    "multimodal-looker": {
      "model": "github-copilot/gpt-5-nano",
    },
    "oracle": {
      "fallback_models": [
        {
          "model": "github-copilot/gemini-3.1-pro-preview",
          "variant": "high",
        },
        {
          "model": "github-copilot/claude-opus-4.6",
          "variant": "max",
        },
      ],
      "model": "github-copilot/gpt-5.4",
      "variant": "high",
    },
    "prometheus": {
      "fallback_models": [
        {
          "model": "github-copilot/gpt-5.4",
          "variant": "high",
        },
        {
          "model": "github-copilot/gemini-3.1-pro-preview",
        },
      ],
      "model": "github-copilot/claude-opus-4.6",
      "variant": "max",
    },
    "sisyphus-junior": {
      "fallback_models": [
        {
          "model": "github-copilot/gpt-5.4",
          "variant": "medium",
        },
      ],
      "model": "github-copilot/claude-sonnet-4.6",
    },
  },
  "categories": {
    "artistry": {
      "fallback_models": [
        {
          "model": "github-copilot/claude-opus-4.6",
          "variant": "max",
        },
        {
          "model": "github-copilot/gpt-5.4",
        },
      ],
      "model": "github-copilot/gemini-3.1-pro-preview",
      "variant": "high",
    },
    "deep": {
      "fallback_models": [
        {
          "model": "github-copilot/claude-opus-4.6",
          "variant": "max",
        },
        {
          "model": "github-copilot/gemini-3.1-pro-preview",
          "variant": "high",
        },
      ],
      "model": "github-copilot/gpt-5.4",
      "variant": "medium",
    },
    "quick": {
      "fallback_models": [
        {
          "model": "github-copilot/claude-haiku-4.5",
        },
        {
          "model": "github-copilot/gemini-3-flash-preview",
        },
      ],
      "model": "github-copilot/gpt-5.4-mini",
    },
    "ultrabrain": {
      "fallback_models": [
        {
          "model": "github-copilot/claude-opus-4.6",
          "variant": "max",
        },
      ],
      "model": "github-copilot/gemini-3.1-pro-preview",
      "variant": "high",
    },
    "unspecified-high": {
      "fallback_models": [
        {
          "model": "github-copilot/gpt-5.4",
          "variant": "high",
        },
      ],
      "model": "github-copilot/claude-opus-4.6",
      "variant": "max",
    },
    "unspecified-low": {
      "fallback_models": [
        {
          "model": "github-copilot/gemini-3-flash-preview",
        },
      ],
      "model": "github-copilot/claude-sonnet-4.6",
    },
    "visual-engineering": {
      "fallback_models": [
        {
          "model": "github-copilot/claude-opus-4.6",
          "variant": "max",
        },
      ],
      "model": "github-copilot/gemini-3.1-pro-preview",
      "variant": "high",
    },
    "writing": {
      "fallback_models": [
        {
          "model": "github-copilot/claude-sonnet-4.6",
        },
      ],
      "model": "github-copilot/gemini-3-flash-preview",
    },
  },
}
`;

exports[`generateModelConfig mixed provider scenarios uses Claude + OpenCode Zen combination 1`] = `
{
  "$schema": "https://raw.githubusercontent.com/code-yeongyu/oh-my-openagent/dev/assets/oh-my-opencode.schema.json",
  "agents": {
    "atlas": {
      "fallback_models": [
        {
          "model": "opencode/gpt-5.4",
          "variant": "medium",
        },
      ],
      "model": "opencode/claude-sonnet-4-6",
    },
    "explore": {
      "fallback_models": [
        {
          "model": "opencode/minimax-m2.7",
        },
        {
          "model": "opencode/gpt-5-nano",
        },
      ],
      "model": "opencode/claude-haiku-4-5",
    },
    "hephaestus": {
      "model": "opencode/gpt-5.4",
      "variant": "medium",
    },
    "metis": {
      "fallback_models": [
        {
          "model": "opencode/gpt-5.4",
          "variant": "high",
        },
      ],
      "model": "opencode/claude-opus-4-6",
      "variant": "max",
    },
    "momus": {
      "fallback_models": [
        {
          "model": "opencode/claude-opus-4-6",
          "variant": "max",
        },
        {
          "model": "opencode/gemini-3.1-pro",
          "variant": "high",
        },
      ],
      "model": "opencode/gpt-5.4",
      "variant": "xhigh",
    },
    "multimodal-looker": {
      "fallback_models": [
        {
          "model": "opencode/gpt-5-nano",
        },
      ],
      "model": "opencode/gpt-5.4",
      "variant": "medium",
    },
    "oracle": {
      "fallback_models": [
        {
          "model": "opencode/gemini-3.1-pro",
          "variant": "high",
        },
        {
          "model": "opencode/claude-opus-4-6",
          "variant": "max",
        },
      ],
      "model": "opencode/gpt-5.4",
      "variant": "high",
    },
    "prometheus": {
      "fallback_models": [
        {
          "model": "opencode/gpt-5.4",
          "variant": "high",
        },
        {
          "model": "opencode/gemini-3.1-pro",
        },
      ],
      "model": "opencode/claude-opus-4-6",
      "variant": "max",
    },
    "sisyphus-junior": {
      "fallback_models": [
        {
          "model": "opencode/gpt-5.4",
          "variant": "medium",
        },
        {
          "model": "opencode/big-pickle",
        },
      ],
      "model": "opencode/claude-sonnet-4-6",
    },
  },
  "categories": {
    "artistry": {
      "fallback_models": [
        {
          "model": "opencode/claude-opus-4-6",
          "variant": "max",
        },
        {
          "model": "opencode/gpt-5.4",
        },
      ],
      "model": "opencode/gemini-3.1-pro",
      "variant": "high",
    },
    "deep": {
      "fallback_models": [
        {
          "model": "opencode/claude-opus-4-6",
          "variant": "max",
        },
        {
          "model": "opencode/gemini-3.1-pro",
          "variant": "high",
        },
      ],
      "model": "opencode/gpt-5.4",
      "variant": "medium",
    },
    "quick": {
      "fallback_models": [
        {
          "model": "opencode/claude-haiku-4-5",
        },
        {
          "model": "opencode/gemini-3-flash",
        },
        {
          "model": "opencode/gpt-5-nano",
        },
      ],
      "model": "opencode/gpt-5.4-mini",
    },
    "ultrabrain": {
      "fallback_models": [
        {
          "model": "opencode/gemini-3.1-pro",
          "variant": "high",
        },
        {
          "model": "opencode/claude-opus-4-6",
          "variant": "max",
        },
      ],
      "model": "opencode/gpt-5.4",
      "variant": "xhigh",
    },
    "unspecified-high": {
      "fallback_models": [
        {
          "model": "opencode/gpt-5.3-codex",
          "variant": "medium",
        },
        {
          "model": "opencode/gemini-3-flash",
        },
      ],
      "model": "opencode/claude-sonnet-4-6",
    },
    "unspecified-low": {
      "fallback_models": [
        {
          "model": "opencode/gpt-5.3-codex",
          "variant": "medium",
        },
        {
          "model": "opencode/gemini-3-flash",
        },
      ],
      "model": "opencode/claude-sonnet-4-6",
    },
    "visual-engineering": {
      "fallback_models": [
        {
          "model": "opencode/glm-5",
        },
        {
          "model": "opencode/claude-opus-4-6",
          "variant": "max",
        },
      ],
      "model": "opencode/gemini-3.1-pro",
      "variant": "high",
    },
    "writing": {
      "fallback_models": [
        {
          "model": "opencode/claude-sonnet-4-6",
        },
      ],
      "model": "opencode/gemini-3-flash",
    },
  },
}
`;

exports[`generateModelConfig mixed provider scenarios uses OpenAI + Copilot combination 1`] = `
{
  "$schema": "https://raw.githubusercontent.com/code-yeongyu/oh-my-openagent/dev/assets/oh-my-opencode.schema.json",
  "agents": {
    "atlas": {
      "fallback_models": [
        {
          "model": "github-copilot/gpt-5.4",
          "variant": "medium",
        },
      ],
      "model": "github-copilot/claude-sonnet-4.6",
    },
    "explore": {
      "fallback_models": [
        {
          "model": "github-copilot/grok-code-fast-1",
        },
      ],
      "model": "github-copilot/gpt-5-mini",
    },
    "hephaestus": {
      "model": "github-copilot/gpt-5.4",
      "variant": "medium",
    },
    "metis": {
      "fallback_models": [
        {
          "model": "github-copilot/gpt-5.4",
          "variant": "high",
        },
      ],
      "model": "github-copilot/claude-opus-4.6",
      "variant": "max",
    },
    "momus": {
      "fallback_models": [
        {
          "model": "github-copilot/claude-opus-4.6",
          "variant": "max",
        },
        {
          "model": "github-copilot/gemini-3.1-pro-preview",
          "variant": "high",
        },
      ],
      "model": "github-copilot/gpt-5.4",
      "variant": "xhigh",
    },
    "multimodal-looker": {
      "model": "github-copilot/gpt-5-nano",
    },
    "oracle": {
      "fallback_models": [
        {
          "model": "github-copilot/gemini-3.1-pro-preview",
          "variant": "high",
        },
        {
          "model": "github-copilot/claude-opus-4.6",
          "variant": "max",
        },
      ],
      "model": "github-copilot/gpt-5.4",
      "variant": "high",
    },
    "prometheus": {
      "fallback_models": [
        {
          "model": "github-copilot/gpt-5.4",
          "variant": "high",
        },
        {
          "model": "github-copilot/gemini-3.1-pro-preview",
        },
      ],
      "model": "github-copilot/claude-opus-4.6",
      "variant": "max",
    },
    "sisyphus-junior": {
      "fallback_models": [
        {
          "model": "github-copilot/gpt-5.4",
          "variant": "medium",
        },
      ],
      "model": "github-copilot/claude-sonnet-4.6",
    },
  },
  "categories": {
    "artistry": {
      "fallback_models": [
        {
          "model": "github-copilot/claude-opus-4.6",
          "variant": "max",
        },
        {
          "model": "github-copilot/gpt-5.4",
        },
      ],
      "model": "github-copilot/gemini-3.1-pro-preview",
      "variant": "high",
    },
    "deep": {
      "fallback_models": [
        {
          "model": "github-copilot/claude-opus-4.6",
          "variant": "max",
        },
        {
          "model": "github-copilot/gemini-3.1-pro-preview",
          "variant": "high",
        },
      ],
      "model": "github-copilot/gpt-5.4",
      "variant": "medium",
    },
    "quick": {
      "fallback_models": [
        {
          "model": "github-copilot/claude-haiku-4.5",
        },
        {
          "model": "github-copilot/gemini-3-flash-preview",
        },
      ],
      "model": "github-copilot/gpt-5.4-mini",
    },
    "ultrabrain": {
      "fallback_models": [
        {
          "model": "github-copilot/claude-opus-4.6",
          "variant": "max",
        },
      ],
      "model": "github-copilot/gemini-3.1-pro-preview",
      "variant": "high",
    },
    "unspecified-high": {
      "fallback_models": [
        {
          "model": "github-copilot/gemini-3-flash-preview",
        },
      ],
      "model": "github-copilot/claude-sonnet-4.6",
    },
    "unspecified-low": {
      "fallback_models": [
        {
          "model": "github-copilot/gemini-3-flash-preview",
        },
      ],
      "model": "github-copilot/claude-sonnet-4.6",
    },
    "visual-engineering": {
      "fallback_models": [
        {
          "model": "github-copilot/claude-opus-4.6",
          "variant": "max",
        },
      ],
      "model": "github-copilot/gemini-3.1-pro-preview",
      "variant": "high",
    },
    "writing": {
      "fallback_models": [
        {
          "model": "github-copilot/claude-sonnet-4.6",
        },
      ],
      "model": "github-copilot/gemini-3-flash-preview",
    },
  },
}
`;

exports[`generateModelConfig mixed provider scenarios uses Gemini + Claude combination (explore uses Gemini) 1`] = `
{
  "$schema": "https://raw.githubusercontent.com/code-yeongyu/oh-my-openagent/dev/assets/oh-my-opencode.schema.json",
  "agents": {
    "atlas": {
      "model": "opencode/gpt-5-nano",
    },
    "explore": {
      "model": "opencode/gpt-5-nano",
    },
    "metis": {
      "model": "opencode/gpt-5-nano",
    },
    "momus": {
      "model": "opencode/gpt-5-nano",
    },
    "multimodal-looker": {
      "model": "opencode/gpt-5-nano",
    },
    "oracle": {
      "model": "opencode/gpt-5-nano",
    },
    "prometheus": {
      "model": "opencode/gpt-5-nano",
    },
    "sisyphus-junior": {
      "model": "opencode/gpt-5-nano",
    },
  },
  "categories": {
    "deep": {
      "model": "opencode/gpt-5-nano",
    },
    "quick": {
      "model": "opencode/gpt-5-nano",
    },
    "ultrabrain": {
      "model": "opencode/gpt-5-nano",
    },
    "unspecified-high": {
      "model": "opencode/gpt-5-nano",
    },
    "unspecified-low": {
      "model": "opencode/gpt-5-nano",
    },
    "visual-engineering": {
      "model": "opencode/gpt-5-nano",
    },
    "writing": {
      "model": "opencode/gpt-5-nano",
    },
  },
}
`;

exports[`generateModelConfig mixed provider scenarios uses all providers with isMax20 flag 1`] = `
{
  "$schema": "https://raw.githubusercontent.com/code-yeongyu/oh-my-openagent/dev/assets/oh-my-opencode.schema.json",
  "agents": {
    "atlas": {
      "fallback_models": [
        {
          "model": "opencode/claude-sonnet-4-6",
        },
        {
          "model": "github-copilot/gpt-5.4",
          "variant": "medium",
        },
        {
          "model": "opencode/gpt-5.4",
          "variant": "medium",
        },
      ],
      "model": "github-copilot/claude-sonnet-4.6",
    },
    "explore": {
      "fallback_models": [
        {
          "model": "github-copilot/grok-code-fast-1",
        },
        {
          "model": "opencode/minimax-m2.7",
        },
        {
          "model": "opencode/gpt-5-nano",
        },
      ],
      "model": "opencode/claude-haiku-4-5",
    },
    "hephaestus": {
      "fallback_models": [
        {
          "model": "opencode/gpt-5.4",
          "variant": "medium",
        },
      ],
      "model": "github-copilot/gpt-5.4",
      "variant": "medium",
    },
    "metis": {
      "fallback_models": [
        {
          "model": "opencode/claude-opus-4-6",
          "variant": "max",
        },
        {
          "model": "github-copilot/gpt-5.4",
          "variant": "high",
        },
        {
          "model": "opencode/gpt-5.4",
          "variant": "high",
        },
      ],
      "model": "github-copilot/claude-opus-4.6",
      "variant": "max",
    },
    "momus": {
      "fallback_models": [
        {
          "model": "opencode/gpt-5.4",
          "variant": "xhigh",
        },
        {
          "model": "github-copilot/claude-opus-4.6",
          "variant": "max",
        },
        {
          "model": "opencode/claude-opus-4-6",
          "variant": "max",
        },
        {
          "model": "github-copilot/gemini-3.1-pro-preview",
          "variant": "high",
        },
        {
          "model": "opencode/gemini-3.1-pro",
          "variant": "high",
        },
      ],
      "model": "github-copilot/gpt-5.4",
      "variant": "xhigh",
    },
    "multimodal-looker": {
      "fallback_models": [
        {
          "model": "zai-coding-plan/glm-4.6v",
        },
        {
          "model": "github-copilot/gpt-5-nano",
        },
        {
          "model": "opencode/gpt-5-nano",
        },
      ],
      "model": "opencode/gpt-5.4",
      "variant": "medium",
    },
    "oracle": {
      "fallback_models": [
        {
          "model": "opencode/gpt-5.4",
          "variant": "high",
        },
        {
          "model": "github-copilot/gemini-3.1-pro-preview",
          "variant": "high",
        },
        {
          "model": "opencode/gemini-3.1-pro",
          "variant": "high",
        },
        {
          "model": "github-copilot/claude-opus-4.6",
          "variant": "max",
        },
        {
          "model": "opencode/claude-opus-4-6",
          "variant": "max",
        },
      ],
      "model": "github-copilot/gpt-5.4",
      "variant": "high",
    },
    "prometheus": {
      "fallback_models": [
        {
          "model": "opencode/claude-opus-4-6",
          "variant": "max",
        },
        {
          "model": "github-copilot/gpt-5.4",
          "variant": "high",
        },
        {
          "model": "opencode/gpt-5.4",
          "variant": "high",
        },
        {
          "model": "github-copilot/gemini-3.1-pro-preview",
        },
        {
          "model": "opencode/gemini-3.1-pro",
        },
      ],
      "model": "github-copilot/claude-opus-4.6",
      "variant": "max",
    },
    "sisyphus-junior": {
      "fallback_models": [
        {
          "model": "opencode/claude-sonnet-4-6",
        },
        {
          "model": "github-copilot/gpt-5.4",
          "variant": "medium",
        },
        {
          "model": "opencode/gpt-5.4",
          "variant": "medium",
        },
        {
          "model": "opencode/big-pickle",
        },
      ],
      "model": "github-copilot/claude-sonnet-4.6",
    },
  },
  "categories": {
    "artistry": {
      "fallback_models": [
        {
          "model": "opencode/gemini-3.1-pro",
          "variant": "high",
        },
        {
          "model": "github-copilot/claude-opus-4.6",
          "variant": "max",
        },
        {
          "model": "opencode/claude-opus-4-6",
          "variant": "max",
        },
        {
          "model": "github-copilot/gpt-5.4",
        },
        {
          "model": "opencode/gpt-5.4",
        },
      ],
      "model": "github-copilot/gemini-3.1-pro-preview",
      "variant": "high",
    },
    "deep": {
      "fallback_models": [
        {
          "model": "opencode/gpt-5.4",
          "variant": "medium",
        },
        {
          "model": "github-copilot/claude-opus-4.6",
          "variant": "max",
        },
        {
          "model": "opencode/claude-opus-4-6",
          "variant": "max",
        },
        {
          "model": "github-copilot/gemini-3.1-pro-preview",
          "variant": "high",
        },
        {
          "model": "opencode/gemini-3.1-pro",
          "variant": "high",
        },
      ],
      "model": "github-copilot/gpt-5.4",
      "variant": "medium",
    },
    "quick": {
      "fallback_models": [
        {
          "model": "opencode/gpt-5.4-mini",
        },
        {
          "model": "github-copilot/claude-haiku-4.5",
        },
        {
          "model": "opencode/claude-haiku-4-5",
        },
        {
          "model": "github-copilot/gemini-3-flash-preview",
        },
        {
          "model": "opencode/gemini-3-flash",
        },
        {
          "model": "opencode/gpt-5-nano",
        },
      ],
      "model": "github-copilot/gpt-5.4-mini",
    },
    "ultrabrain": {
      "fallback_models": [
        {
          "model": "github-copilot/gemini-3.1-pro-preview",
          "variant": "high",
        },
        {
          "model": "opencode/gemini-3.1-pro",
          "variant": "high",
        },
        {
          "model": "github-copilot/claude-opus-4.6",
          "variant": "max",
        },
        {
          "model": "opencode/claude-opus-4-6",
          "variant": "max",
        },
      ],
      "model": "opencode/gpt-5.4",
      "variant": "xhigh",
    },
    "unspecified-high": {
      "fallback_models": [
        {
          "model": "opencode/claude-opus-4-6",
          "variant": "max",
        },
        {
          "model": "github-copilot/gpt-5.4",
          "variant": "high",
        },
        {
          "model": "opencode/gpt-5.4",
          "variant": "high",
        },
        {
          "model": "zai-coding-plan/glm-5",
        },
        {
          "model": "opencode/glm-5",
        },
        {
          "model": "opencode/kimi-k2.5",
        },
      ],
      "model": "github-copilot/claude-opus-4.6",
      "variant": "max",
    },
    "unspecified-low": {
      "fallback_models": [
        {
          "model": "opencode/claude-sonnet-4-6",
        },
        {
          "model": "opencode/gpt-5.3-codex",
          "variant": "medium",
        },
        {
          "model": "github-copilot/gemini-3-flash-preview",
        },
        {
          "model": "opencode/gemini-3-flash",
        },
      ],
      "model": "github-copilot/claude-sonnet-4.6",
    },
    "visual-engineering": {
      "fallback_models": [
        {
          "model": "opencode/gemini-3.1-pro",
          "variant": "high",
        },
        {
          "model": "zai-coding-plan/glm-5",
        },
        {
          "model": "opencode/glm-5",
        },
        {
          "model": "github-copilot/claude-opus-4.6",
          "variant": "max",
        },
        {
          "model": "opencode/claude-opus-4-6",
          "variant": "max",
        },
      ],
      "model": "github-copilot/gemini-3.1-pro-preview",
      "variant": "high",
    },
    "writing": {
      "fallback_models": [
        {
          "model": "opencode/gemini-3-flash",
        },
        {
          "model": "github-copilot/claude-sonnet-4.6",
        },
        {
          "model": "opencode/claude-sonnet-4-6",
        },
      ],
      "model": "github-copilot/gemini-3-flash-preview",
    },
  },
}
`;
